{"blocks":[{"t":"RawBlock","c":["latex","\\begin{figure}[h]\n\\centering\n% generated by Plantuml 8059      \n\\definecolor{plantucolor0000}{RGB}{168,0,54}\n\\definecolor{plantucolor0001}{RGB}{255,0,0}\n\\definecolor{plantucolor0002}{RGB}{254,254,206}\n\\definecolor{plantucolor0003}{RGB}{153,255,153}\n\\begin{tikzpicture}[yscale=-1]\n\\draw[color=plantucolor0000,line width=1.0pt,dash pattern=on 5.0pt off 5.0pt] (25pt,86.2969pt) -- (25pt,193.6953pt);\n\\draw[color=plantucolor0000,line width=1.0pt,dash pattern=on 5.0pt off 5.0pt] (208pt,86.2969pt) -- (208pt,193.6953pt);\n\\draw[color=plantucolor0000,line width=1.0pt,dash pattern=on 5.0pt off 5.0pt] (297pt,86.2969pt) -- (297pt,193.6953pt);\n\\node at (8pt,70pt)[below right]{Bob};\n\\draw[color=plantucolor0000,fill=plantucolor0001,line width=2.0pt] (25pt,13pt) ellipse (8pt and 8pt);\n\\draw[color=plantucolor0000,line width=2.0pt] (25pt,21pt) -- (25pt,48pt)(12pt,29pt) -- (38pt,29pt)(25pt,48pt) -- (12pt,63pt)(25pt,48pt) -- (38pt,63pt);\n\\node at (8pt,192.6953pt)[below right]{Bob};\n\\draw[color=plantucolor0000,fill=plantucolor0001,line width=2.0pt] (25pt,218.9922pt) ellipse (8pt and 8pt);\n\\draw[color=plantucolor0000,line width=2.0pt] (25pt,226.9922pt) -- (25pt,253.9922pt)(12pt,234.9922pt) -- (38pt,234.9922pt)(25pt,253.9922pt) -- (12pt,268.9922pt)(25pt,253.9922pt) -- (38pt,268.9922pt);\n\\draw[color=plantucolor0000,fill=plantucolor0002,line width=1.5pt] (183pt,51pt) rectangle (229pt,81.2969pt);\n\\node at (190pt,58pt)[below right]{Alice};\n\\draw[color=plantucolor0000,fill=plantucolor0002,line width=1.5pt] (183pt,192.6953pt) rectangle (229pt,222.9922pt);\n\\node at (190pt,199.6953pt)[below right]{Alice};\n\\draw[color=plantucolor0000,fill=plantucolor0003,line width=1.5pt] (243pt,34.7031pt) rectangle (348pt,81.2969pt);\n\\node at (250pt,41.7031pt)[below right]{I have a really};\n\\node at (259pt,58pt)[below right]{long name};\n\\draw[color=plantucolor0000,fill=plantucolor0003,line width=1.5pt] (243pt,192.6953pt) rectangle (348pt,239.2891pt);\n\\node at (250pt,199.6953pt)[below right]{I have a really};\n\\node at (259pt,215.9922pt)[below right]{long name};\n\\draw[color=plantucolor0000,fill=plantucolor0000,line width=1.0pt] (36pt,113.2969pt) -- (26pt,117.2969pt) -- (36pt,121.2969pt) -- (32pt,117.2969pt) -- cycle;\n\\draw[color=plantucolor0000,line width=1.0pt] (30pt,117.2969pt) -- (207pt,117.2969pt);\n\\node at (42pt,100.2969pt)[below right]{Authentication Request};\n\\draw[color=plantucolor0000,fill=plantucolor0000,line width=1.0pt] (196pt,142.4297pt) -- (206pt,146.4297pt) -- (196pt,150.4297pt) -- (200pt,146.4297pt) -- cycle;\n\\draw[color=plantucolor0000,line width=1.0pt] (25pt,146.4297pt) -- (202pt,146.4297pt);\n\\node at (32pt,129.4297pt)[below right]{Authentication Response};\n\\draw[color=plantucolor0000,fill=plantucolor0000,line width=1.0pt] (285.5pt,171.5625pt) -- (295.5pt,175.5625pt) -- (285.5pt,179.5625pt) -- (289.5pt,175.5625pt) -- cycle;\n\\draw[color=plantucolor0000,line width=1.0pt] (25pt,175.5625pt) -- (291.5pt,175.5625pt);\n\\node at (32pt,158.5625pt)[below right]{Log transaction};\n\\end{tikzpicture}\n\\caption{Some caption}\n\\end{figure}"]}],"pandoc-api-version":[1,17,5,1],"meta":{"header-includes":{"t":"MetaBlocks","c":[{"t":"RawBlock","c":["latex","\\usepackage{tikz}"]}]}}}