{"blocks":[{"t":"RawBlock","c":["latex","\\resizebox{\\columnwidth}{!}{\n% generated by Plantuml 8059      \n\\definecolor{plantucolor0000}{RGB}{255,255,255}\n\\definecolor{plantucolor0001}{RGB}{0,0,0}\n\\definecolor{plantucolor0002}{RGB}{254,254,206}\n\\definecolor{plantucolor0003}{RGB}{168,0,54}\n\\definecolor{plantucolor0004}{RGB}{173,209,178}\n\\scalebox{0.9169}{\n\\begin{tikzpicture}[yscale=-1]\n\\draw[color=black,fill=white,line width=2.0pt] (22pt,44pt) -- (32pt,34pt) -- (134pt,34pt) -- (134pt,128pt) -- (124pt,138pt) -- (22pt,138pt) -- (22pt,44pt) -- cycle;\n\\draw[color=black,line width=2.0pt] (124pt,44pt) -- (133pt,35pt);\n\\draw[color=black,line width=2.0pt] (22pt,44pt) -- (124pt,44pt);\n\\draw[color=black,line width=2.0pt] (124pt,44pt) -- (124pt,138pt);\n\\node at (56pt,47pt)[below right]{foo1};\n\\draw[color=black,fill=white,line width=2.0pt] (158pt,39pt) rectangle (264pt,138pt);\n\\node at (193pt,41pt)[below right]{foo2};\n\\draw[color=black,fill=white,line width=2.0pt] (288pt,39pt) -- (330pt,39pt) -- (337pt,61.2969pt) -- (394pt,61.2969pt) -- (394pt,138pt) -- (288pt,138pt) -- (288pt,39pt) -- cycle;\n\\draw[color=black,line width=2.0pt] (288pt,61.2969pt) -- (337pt,61.2969pt);\n\\node at (292pt,41pt)[below right]{foo3};\n\\draw[color=black,fill=white,line width=2.0pt] (418pt,39pt) rectangle (524pt,138pt);\n\\draw[color=black,line width=2.0pt] (464pt,40pt) -- (464pt,48.2969pt) -- (454pt,58.2969pt) -- (418pt,58.2969pt);\n\\node at (421pt,40pt)[below right]{foo4};\n\\draw[color=black,line width=2.0pt] (551pt,46pt) ..controls (551pt,43pt) and (553pt,41pt) .. (556pt,41pt) ..controls (559pt,41pt) and (561pt,43pt) .. (561pt,46pt) ..controls (561pt,43pt) and (563pt,41pt) .. (566pt,41pt) ..controls (569pt,41pt) and (571pt,43pt) .. (571pt,46pt) ..controls (571pt,43pt) and (573pt,41pt) .. (576pt,41pt) ..controls (579pt,41pt) and (581pt,43pt) .. (581pt,46pt) ..controls (581pt,43pt) and (583pt,41pt) .. (586pt,41pt) ..controls (589pt,41pt) and (591pt,43pt) .. (591pt,46pt) ..controls (591pt,43pt) and (593pt,41pt) .. (596pt,41pt) ..controls (599pt,41pt) and (601pt,43pt) .. (601pt,46pt) ..controls (601pt,43pt) and (603pt,41pt) .. (606pt,41pt) ..controls (609pt,41pt) and (611pt,43pt) .. (611pt,46pt) ..controls (611pt,43pt) and (613pt,41pt) .. (616pt,41pt) ..controls (619pt,41pt) and (621pt,43pt) .. (621pt,46pt) ..controls (621pt,43pt) and (623pt,41pt) .. (626pt,41pt) ..controls (629pt,41pt) and (631pt,43pt) .. (631pt,46pt) ..controls (631pt,43pt) and (633pt,41pt) .. (636pt,41pt) ..controls (639pt,41pt) and (641pt,43pt) .. (641pt,46pt) ..controls (641pt,43pt) and (643pt,41pt) .. (646pt,41pt) ..controls (649pt,41pt) and (651pt,43pt) .. (651pt,46pt) ..controls (654pt,46pt) and (656pt,48pt) .. (656pt,51pt) ..controls (656pt,54pt) and (654pt,56pt) .. (651pt,56pt) ..controls (654pt,56pt) and (656pt,58pt) .. (656pt,61pt) ..controls (656pt,64pt) and (654pt,66pt) .. (651pt,66pt) ..controls (654pt,66pt) and (656pt,68pt) .. (656pt,71pt) ..controls (656pt,74pt) and (654pt,76pt) .. (651pt,76pt) ..controls (654pt,76pt) and (656pt,78pt) .. (656pt,81pt) ..controls (656pt,84pt) and (654pt,86pt) .. (651pt,86pt) ..controls (654pt,86pt) and (656pt,88pt) .. (656pt,91pt) ..controls (656pt,94pt) and (654pt,96pt) .. (651pt,96pt) ..controls (654pt,96pt) and (656pt,98pt) .. (656pt,101pt) ..controls (656pt,104pt) and (654pt,106pt) .. (651pt,106pt) ..controls (654pt,106pt) and (656pt,108pt) .. (656pt,111pt) ..controls (656pt,114pt) and (654pt,116pt) .. (651pt,116pt) ..controls (654pt,116pt) and (656pt,118pt) .. (656pt,121pt) ..controls (656pt,124pt) and (654pt,126pt) .. (651pt,126pt) ..controls (651pt,129pt) and (648pt,131pt) .. (646pt,131pt) ..controls (643pt,131pt) and (641pt,129pt) .. (641pt,126pt) ..controls (641pt,129pt) and (638pt,131pt) .. (636pt,131pt) ..controls (633pt,131pt) and (631pt,129pt) .. (631pt,126pt) ..controls (631pt,129pt) and (628pt,131pt) .. (626pt,131pt) ..controls (623pt,131pt) and (621pt,129pt) .. (621pt,126pt) ..controls (621pt,129pt) and (618pt,131pt) .. (616pt,131pt) ..controls (613pt,131pt) and (611pt,129pt) .. (611pt,126pt) ..controls (611pt,129pt) and (608pt,131pt) .. (606pt,131pt) ..controls (603pt,131pt) and (601pt,129pt) .. (601pt,126pt) ..controls (601pt,129pt) and (598pt,131pt) .. (596pt,131pt) ..controls (593pt,131pt) and (591pt,129pt) .. (591pt,126pt) ..controls (591pt,129pt) and (588pt,131pt) .. (586pt,131pt) ..controls (583pt,131pt) and (581pt,129pt) .. (581pt,126pt) ..controls (581pt,129pt) and (578pt,131pt) .. (576pt,131pt) ..controls (573pt,131pt) and (571pt,129pt) .. (571pt,126pt) ..controls (571pt,129pt) and (568pt,131pt) .. (566pt,131pt) ..controls (563pt,131pt) and (561pt,129pt) .. (561pt,126pt) ..controls (561pt,129pt) and (558pt,131pt) .. (556pt,131pt) ..controls (553pt,131pt) and (551pt,129pt) .. (551pt,126pt) ..controls (548pt,126pt) and (546pt,124pt) .. (546pt,121pt) ..controls (546pt,118pt) and (548pt,116pt) .. (551pt,116pt) ..controls (548pt,116pt) and (546pt,114pt) .. (546pt,111pt) ..controls (546pt,108pt) and (548pt,106pt) .. (551pt,106pt) ..controls (548pt,106pt) and (546pt,104pt) .. (546pt,101pt) ..controls (546pt,98pt) and (548pt,96pt) .. (551pt,96pt) ..controls (548pt,96pt) and (546pt,94pt) .. (546pt,91pt) ..controls (546pt,88pt) and (548pt,86pt) .. (551pt,86pt) ..controls (548pt,86pt) and (546pt,84pt) .. (546pt,81pt) ..controls (546pt,78pt) and (548pt,76pt) .. (551pt,76pt) ..controls (548pt,76pt) and (546pt,74pt) .. (546pt,71pt) ..controls (546pt,68pt) and (548pt,66pt) .. (551pt,66pt) ..controls (548pt,66pt) and (546pt,64pt) .. (546pt,61pt) ..controls (546pt,58pt) and (548pt,56pt) .. (551pt,56pt) ..controls (548pt,56pt) and (546pt,54pt) .. (546pt,51pt) ..controls (546pt,48pt) and (548pt,46pt) .. (551pt,46pt);\n\\node at (583pt,52pt)[below right]{foo5};\n\\draw[color=black,line width=2.0pt] (678pt,34pt) ..controls (678pt,24pt) and (731pt,24pt) .. (731pt,24pt) ..controls (731pt,24pt) and (784pt,24pt) .. (784pt,34pt) -- (784pt,128pt) ..controls (784pt,138pt) and (731pt,138pt) .. (731pt,138pt) ..controls (731pt,138pt) and (678pt,138pt) .. (678pt,128pt) -- (678pt,34pt);\n\\draw[color=black,line width=2.0pt] (678pt,34pt) ..controls (678pt,44pt) and (731pt,44pt) .. (731pt,44pt) ..controls (731pt,44pt) and (784pt,44pt) .. (784pt,34pt);\n\\node at (713pt,45pt)[below right]{foo6};\n\\draw[color=plantucolor0003,fill=plantucolor0002,line width=1.5pt] (41.5pt,74pt) rectangle (114.5pt,122pt);\n\\draw[color=plantucolor0003,fill=plantucolor0004,line width=1.0pt] (56.5pt,90pt) ellipse (11pt and 11pt);\n\\draw[color=black,fill=black] (59.4688pt,95.6406pt) ..controls (58.8906pt,95.9375pt) .. (58.25pt,96.0859pt) ..controls (57.6094pt,96.2344pt) .. (56.9063pt,96.2344pt) ..controls (54.4063pt,96.2344pt) .. (53.0859pt,94.5859pt) ..controls (51.7656pt,92.9375pt) .. (51.7656pt,89.8125pt) ..controls (51.7656pt,86.6875pt) .. (53.0859pt,85.0313pt) ..controls (54.4063pt,83.375pt) .. (56.9063pt,83.375pt) ..controls (57.6094pt,83.375pt) .. (58.2578pt,83.5313pt) ..controls (58.9063pt,83.6875pt) .. (59.4688pt,83.9844pt) -- (59.4688pt,86.7031pt) ..controls (58.8438pt,86.125pt) .. (58.25pt,85.8516pt) ..controls (57.6563pt,85.5781pt) .. (57.0313pt,85.5781pt) ..controls (55.6875pt,85.5781pt) .. (55pt,86.6484pt) ..controls (54.3125pt,87.7188pt) .. (54.3125pt,89.8125pt) ..controls (54.3125pt,91.9063pt) .. (55pt,92.9766pt) ..controls (55.6875pt,94.0469pt) .. (57.0313pt,94.0469pt) ..controls (57.6563pt,94.0469pt) .. (58.25pt,93.7734pt) ..controls (58.8438pt,93.5pt) .. (59.4688pt,92.9219pt) -- (59.4688pt,95.6406pt);\n\\node at (70.5pt,83.0156pt)[below right]{Class1};\n\\draw[color=plantucolor0003,line width=1.5pt] (42.5pt,106pt) -- (113.5pt,106pt);\n\\draw[color=plantucolor0003,line width=1.5pt] (42.5pt,114pt) -- (113.5pt,114pt);\n\\draw[color=plantucolor0003,fill=plantucolor0002,line width=1.5pt] (174.5pt,74pt) rectangle (247.5pt,122pt);\n\\draw[color=plantucolor0003,fill=plantucolor0004,line width=1.0pt] (189.5pt,90pt) ellipse (11pt and 11pt);\n\\draw[color=black,fill=black] (192.4688pt,95.6406pt) ..controls (191.8906pt,95.9375pt) .. (191.25pt,96.0859pt) ..controls (190.6094pt,96.2344pt) .. (189.9063pt,96.2344pt) ..controls (187.4063pt,96.2344pt) .. (186.0859pt,94.5859pt) ..controls (184.7656pt,92.9375pt) .. (184.7656pt,89.8125pt) ..controls (184.7656pt,86.6875pt) .. (186.0859pt,85.0313pt) ..controls (187.4063pt,83.375pt) .. (189.9063pt,83.375pt) ..controls (190.6094pt,83.375pt) .. (191.2578pt,83.5313pt) ..controls (191.9063pt,83.6875pt) .. (192.4688pt,83.9844pt) -- (192.4688pt,86.7031pt) ..controls (191.8438pt,86.125pt) .. (191.25pt,85.8516pt) ..controls (190.6563pt,85.5781pt) .. (190.0313pt,85.5781pt) ..controls (188.6875pt,85.5781pt) .. (188pt,86.6484pt) ..controls (187.3125pt,87.7188pt) .. (187.3125pt,89.8125pt) ..controls (187.3125pt,91.9063pt) .. (188pt,92.9766pt) ..controls (188.6875pt,94.0469pt) .. (190.0313pt,94.0469pt) ..controls (190.6563pt,94.0469pt) .. (191.25pt,93.7734pt) ..controls (191.8438pt,93.5pt) .. (192.4688pt,92.9219pt) -- (192.4688pt,95.6406pt);\n\\node at (203.5pt,83.0156pt)[below right]{Class2};\n\\draw[color=plantucolor0003,line width=1.5pt] (175.5pt,106pt) -- (246.5pt,106pt);\n\\draw[color=plantucolor0003,line width=1.5pt] (175.5pt,114pt) -- (246.5pt,114pt);\n\\draw[color=plantucolor0003,fill=plantucolor0002,line width=1.5pt] (304.5pt,74pt) rectangle (377.5pt,122pt);\n\\draw[color=plantucolor0003,fill=plantucolor0004,line width=1.0pt] (319.5pt,90pt) ellipse (11pt and 11pt);\n\\draw[color=black,fill=black] (322.4688pt,95.6406pt) ..controls (321.8906pt,95.9375pt) .. (321.25pt,96.0859pt) ..controls (320.6094pt,96.2344pt) .. (319.9063pt,96.2344pt) ..controls (317.4063pt,96.2344pt) .. (316.0859pt,94.5859pt) ..controls (314.7656pt,92.9375pt) .. (314.7656pt,89.8125pt) ..controls (314.7656pt,86.6875pt) .. (316.0859pt,85.0313pt) ..controls (317.4063pt,83.375pt) .. (319.9063pt,83.375pt) ..controls (320.6094pt,83.375pt) .. (321.2578pt,83.5313pt) ..controls (321.9063pt,83.6875pt) .. (322.4688pt,83.9844pt) -- (322.4688pt,86.7031pt) ..controls (321.8438pt,86.125pt) .. (321.25pt,85.8516pt) ..controls (320.6563pt,85.5781pt) .. (320.0313pt,85.5781pt) ..controls (318.6875pt,85.5781pt) .. (318pt,86.6484pt) ..controls (317.3125pt,87.7188pt) .. (317.3125pt,89.8125pt) ..controls (317.3125pt,91.9063pt) .. (318pt,92.9766pt) ..controls (318.6875pt,94.0469pt) .. (320.0313pt,94.0469pt) ..controls (320.6563pt,94.0469pt) .. (321.25pt,93.7734pt) ..controls (321.8438pt,93.5pt) .. (322.4688pt,92.9219pt) -- (322.4688pt,95.6406pt);\n\\node at (333.5pt,83.0156pt)[below right]{Class3};\n\\draw[color=plantucolor0003,line width=1.5pt] (305.5pt,106pt) -- (376.5pt,106pt);\n\\draw[color=plantucolor0003,line width=1.5pt] (305.5pt,114pt) -- (376.5pt,114pt);\n\\draw[color=plantucolor0003,fill=plantucolor0002,line width=1.5pt] (434.5pt,74pt) rectangle (507.5pt,122pt);\n\\draw[color=plantucolor0003,fill=plantucolor0004,line width=1.0pt] (449.5pt,90pt) ellipse (11pt and 11pt);\n\\draw[color=black,fill=black] (452.4688pt,95.6406pt) ..controls (451.8906pt,95.9375pt) .. (451.25pt,96.0859pt) ..controls (450.6094pt,96.2344pt) .. (449.9063pt,96.2344pt) ..controls (447.4063pt,96.2344pt) .. (446.0859pt,94.5859pt) ..controls (444.7656pt,92.9375pt) .. (444.7656pt,89.8125pt) ..controls (444.7656pt,86.6875pt) .. (446.0859pt,85.0313pt) ..controls (447.4063pt,83.375pt) .. (449.9063pt,83.375pt) ..controls (450.6094pt,83.375pt) .. (451.2578pt,83.5313pt) ..controls (451.9063pt,83.6875pt) .. (452.4688pt,83.9844pt) -- (452.4688pt,86.7031pt) ..controls (451.8438pt,86.125pt) .. (451.25pt,85.8516pt) ..controls (450.6563pt,85.5781pt) .. (450.0313pt,85.5781pt) ..controls (448.6875pt,85.5781pt) .. (448pt,86.6484pt) ..controls (447.3125pt,87.7188pt) .. (447.3125pt,89.8125pt) ..controls (447.3125pt,91.9063pt) .. (448pt,92.9766pt) ..controls (448.6875pt,94.0469pt) .. (450.0313pt,94.0469pt) ..controls (450.6563pt,94.0469pt) .. (451.25pt,93.7734pt) ..controls (451.8438pt,93.5pt) .. (452.4688pt,92.9219pt) -- (452.4688pt,95.6406pt);\n\\node at (463.5pt,83.0156pt)[below right]{Class4};\n\\draw[color=plantucolor0003,line width=1.5pt] (435.5pt,106pt) -- (506.5pt,106pt);\n\\draw[color=plantucolor0003,line width=1.5pt] (435.5pt,114pt) -- (506.5pt,114pt);\n\\draw[color=plantucolor0003,fill=plantucolor0002,line width=1.5pt] (564.5pt,74pt) rectangle (637.5pt,122pt);\n\\draw[color=plantucolor0003,fill=plantucolor0004,line width=1.0pt] (579.5pt,90pt) ellipse (11pt and 11pt);\n\\draw[color=black,fill=black] (582.4688pt,95.6406pt) ..controls (581.8906pt,95.9375pt) .. (581.25pt,96.0859pt) ..controls (580.6094pt,96.2344pt) .. (579.9063pt,96.2344pt) ..controls (577.4063pt,96.2344pt) .. (576.0859pt,94.5859pt) ..controls (574.7656pt,92.9375pt) .. (574.7656pt,89.8125pt) ..controls (574.7656pt,86.6875pt) .. (576.0859pt,85.0313pt) ..controls (577.4063pt,83.375pt) .. (579.9063pt,83.375pt) ..controls (580.6094pt,83.375pt) .. (581.2578pt,83.5313pt) ..controls (581.9063pt,83.6875pt) .. (582.4688pt,83.9844pt) -- (582.4688pt,86.7031pt) ..controls (581.8438pt,86.125pt) .. (581.25pt,85.8516pt) ..controls (580.6563pt,85.5781pt) .. (580.0313pt,85.5781pt) ..controls (578.6875pt,85.5781pt) .. (578pt,86.6484pt) ..controls (577.3125pt,87.7188pt) .. (577.3125pt,89.8125pt) ..controls (577.3125pt,91.9063pt) .. (578pt,92.9766pt) ..controls (578.6875pt,94.0469pt) .. (580.0313pt,94.0469pt) ..controls (580.6563pt,94.0469pt) .. (581.25pt,93.7734pt) ..controls (581.8438pt,93.5pt) .. (582.4688pt,92.9219pt) -- (582.4688pt,95.6406pt);\n\\node at (593.5pt,83.0156pt)[below right]{Class5};\n\\draw[color=plantucolor0003,line width=1.5pt] (565.5pt,106pt) -- (636.5pt,106pt);\n\\draw[color=plantucolor0003,line width=1.5pt] (565.5pt,114pt) -- (636.5pt,114pt);\n\\draw[color=plantucolor0003,fill=plantucolor0002,line width=1.5pt] (694.5pt,74pt) rectangle (767.5pt,122pt);\n\\draw[color=plantucolor0003,fill=plantucolor0004,line width=1.0pt] (709.5pt,90pt) ellipse (11pt and 11pt);\n\\draw[color=black,fill=black] (712.4688pt,95.6406pt) ..controls (711.8906pt,95.9375pt) .. (711.25pt,96.0859pt) ..controls (710.6094pt,96.2344pt) .. (709.9063pt,96.2344pt) ..controls (707.4063pt,96.2344pt) .. (706.0859pt,94.5859pt) ..controls (704.7656pt,92.9375pt) .. (704.7656pt,89.8125pt) ..controls (704.7656pt,86.6875pt) .. (706.0859pt,85.0313pt) ..controls (707.4063pt,83.375pt) .. (709.9063pt,83.375pt) ..controls (710.6094pt,83.375pt) .. (711.2578pt,83.5313pt) ..controls (711.9063pt,83.6875pt) .. (712.4688pt,83.9844pt) -- (712.4688pt,86.7031pt) ..controls (711.8438pt,86.125pt) .. (711.25pt,85.8516pt) ..controls (710.6563pt,85.5781pt) .. (710.0313pt,85.5781pt) ..controls (708.6875pt,85.5781pt) .. (708pt,86.6484pt) ..controls (707.3125pt,87.7188pt) .. (707.3125pt,89.8125pt) ..controls (707.3125pt,91.9063pt) .. (708pt,92.9766pt) ..controls (708.6875pt,94.0469pt) .. (710.0313pt,94.0469pt) ..controls (710.6563pt,94.0469pt) .. (711.25pt,93.7734pt) ..controls (711.8438pt,93.5pt) .. (712.4688pt,92.9219pt) -- (712.4688pt,95.6406pt);\n\\node at (723.5pt,83.0156pt)[below right]{Class6};\n\\draw[color=plantucolor0003,line width=1.5pt] (695.5pt,106pt) -- (766.5pt,106pt);\n\\draw[color=plantucolor0003,line width=1.5pt] (695.5pt,114pt) -- (766.5pt,114pt);\n\\end{tikzpicture}\n}\n}"]}],"pandoc-api-version":[1,17,5,1],"meta":{"header-includes":{"t":"MetaBlocks","c":[{"t":"RawBlock","c":["latex","\\usepackage{tikz}"]}]}}}